Microchip MPLAB XC8 Compiler V2.40

Linker command line:

-W-3 \
  --edf=C:\Program Files\Microchip\xc8\v2.40\pic\dat\20220703182018_en.msgs \
  -cn -h+dist/default/production\IPTC-PIH.X.production.sym \
  --cmf=dist/default/production\IPTC-PIH.X.production.cmf -z -Q16F1786 \
  -oC:\Users\Usuario\AppData\Local\Temp\xcAsho4.4 --defsym=__MPLAB_BUILD=1 \
  --fixupoverflow=error -Mdist/default/production/IPTC-PIH.X.production.map \
  --md=C:\Users\Usuario\AppData\Local\Temp\xcAsho4.dat -E1 \
  -ver=XC8 Compiler --acfsm=1493 -ACODE=00h-07FFhx4 -ASTRCODE=00h-01FFFh \
  -ASTRING=00h-0FFhx32 -ACONST=00h-0FFhx32 -AENTRY=00h-0FFhx32 \
  -ACOMMON=070h-07Fh -ABANK0=020h-06Fh -ABANK1=0A0h-0EFh \
  -ABANK2=0120h-016Fh -ABANK3=01A0h-01EFh -ABANK4=0220h-026Fh \
  -ABANK5=02A0h-02EFh -ABANK6=0320h-036Fh -ABANK7=03A0h-03EFh \
  -ABANK8=0420h-046Fh -ABANK9=04A0h-04EFh -ABANK10=0520h-056Fh \
  -ABANK11=05A0h-05EFh -ABANK12=0620h-064Fh -ABIGRAM=02000h-023EFh \
  -ARAM=020h-06Fh,0A0h-0EFh,0120h-016Fh,01A0h-01EFh,0220h-026Fh,02A0h-02EFh,0320h-036Fh,03A0h-03EFh,0420h-046Fh,04A0h-04EFh,0520h-056Fh,05A0h-05EFh,0620h-064Fh \
  -AABS1=020h-07Fh,0A0h-0EFh,0120h-016Fh,01A0h-01EFh,0220h-026Fh,02A0h-02EFh,0320h-036Fh,03A0h-03EFh,0420h-046Fh,04A0h-04EFh,0520h-056Fh,05A0h-05EFh,0620h-064Fh \
  -ASFR0=00h-01Fh -ASFR1=080h-09Fh -ASFR2=0100h-011Fh -ASFR3=0180h-019Fh \
  -ASFR4=0200h-021Fh -ASFR5=0280h-029Fh -ASFR6=0300h-031Fh \
  -ASFR7=0380h-039Fh -ASFR8=0400h-041Fh -ASFR9=0480h-049Fh \
  -ASFR10=0500h-051Fh -ASFR11=0580h-059Fh -ASFR12=0600h-061Fh \
  -ASFR13=0680h-06EFh -ASFR14=0700h-076Fh -ASFR15=0780h-07EFh \
  -ASFR16=0800h-086Fh -ASFR17=0880h-08EFh -ASFR18=0900h-096Fh \
  -ASFR19=0980h-09EFh -ASFR20=0A00h-0A6Fh -ASFR21=0A80h-0AEFh \
  -ASFR22=0B00h-0B6Fh -ASFR23=0B80h-0BEFh -ASFR24=0C00h-0C6Fh \
  -ASFR25=0C80h-0CEFh -ASFR26=0D00h-0D6Fh -ASFR27=0D80h-0DEFh \
  -ASFR28=0E00h-0E6Fh -ASFR29=0E80h-0EEFh -ASFR30=0F00h-0F6Fh \
  -ASFR31=0F80h-0FEFh -ACONFIG=08007h-08008h -DCONFIG=2 \
  -AIDLOC=08000h-08003h -DIDLOC=2 -AEEDATA=00h-0FFh/0F000h \
  -peeprom_data=EEDATA -DEEDATA=2 -DCODE=2 -DSTRCODE=2 -DSTRING=2 -DCONST=2 \
  -DENTRY=2 -preset_vec=00h,intentry=04h,init,end_init -ppowerup=CODE \
  -pcinit=CODE -pfunctab=ENTRY -k \
  C:\Users\Usuario\AppData\Local\Temp\xcAsho4.o \
  dist/default/production\IPTC-PIH.X.production.o 

Object code version is 3.11

Machine type is 16F1786



                Name                               Link     Load   Length Selector   Space Scale
C:\Users\Usuario\AppData\Local\Temp\xcAsho4.o
                end_init                             7A       7A        2        8       0
                reset_vec                             0        0        2        0       0
                config                             8007     8007        2        0       4
                idloc                              8000     8000        4        0       5
dist/default/production\IPTC-PIH.X.production.o
                cinit                                7C       7C       40        8       0
                intentry                              4        4       76        8       0
                config                             8007     8007        2        0       4
                idloc                              8000     8000        4        0       5
                text40                             1D86     1D86        A     3B0C       0
                text39                             1DDB     1DDB       17     3BB6       0
                text38                             1E0B     1E0B       1A     3C16       0
                text37                             1190     1190       83     2320       0
                text36                             1002     1002        F     2004       0
                text35                             1F68     1F68       30     3ED0       0
                text34                             1D90     1D90        A     3B20       0
                text33                             1DAF     1DAF       16     3B5E       0
                text32                             1213     1213       A1     2426       0
                text31                             10A3     10A3       71     2146       0
                text30                             1E7A     1E7A       22     3CF4       0
                text29                             1FCA     1FCA       36     3F94       0
                text28                             1F39     1F39       2F     3E72       0
                text27                             1DF2     1DF2       19     3BE4       0
                text26                             1EE3     1EE3       29     3DC6       0
                text25                              DF8      DF8      208     1BF0       0
                text24                             1656     1656      1AA     2CAC       0
                text23                             1E9C     1E9C       23     3D38       0
                text22                              534      534      23B        8       0
                text21                             12B4     12B4       AA     2568       0
                text20                             1518     1518      13E     2A30       0
                text19                              801      801       8A     1002       0
                text18                             1E5A     1E5A       20     3CB4       0
                text17                              C07      C07      1F1     180E       0
                text16                             1048     1048       5B     2090       0
                text15                             1F98     1F98       32     3F30       0
                text14                             1E25     1E25       1A     3C4A       0
                text12                               BC       BC      23D        8       0
                text11                              88B      88B      1AA     1116       0
                text10                             1EBF     1EBF       24     3D7E       0
                text9                               2F9      2F9      23B        8       0
                text8                              1114     1114       7C     2228       0
                text7                              135E     135E       AB     26BC       0
                text6                               76F      76F       91        8       0
                text5                              1F0C     1F0C       2D     3E18       0
                text4                              1E3F     1E3F       1B     3C7E       0
                text3                              1409     1409      10F     2812       0
                text2                              1DC5     1DC5       16     3B8A       0
                text1                               A35      A35      1D2     146A       0
                maintext                           1011     1011       37     2022       0
                cstackBANK0                          20       20       50       20       1
                cstackCOMMON                         70       70        E       70       1
                cstackBANK1                          A0       A0       27       A0       1
                cstackBANK2                         120      120       50      120       1
                cstackBANK3                         1C1      1C1       19      1A0       1
                clrtext                            1D72     1D72        6     3AE4       0
                inittext                           1D78     1D78        6     3AF0       0
                dataBANK4                           228      228        8      220       1
                bssBANK4                            220      220        8      220       1
                dataBANK3                           1DA      1DA       15      1A0       1
                bssBANK3                            1A0      1A0       21      1A0       1
                dataBANK1                            EA       EA        4       A0       1
                bssBANK1                             C7       C7       23       A0       1
                stringtext2                        180D     180D        B     3000       0
                stringtext1                        1800     1800        D     3000       0
                idataBANK4                         1D7E     1D7E        8     3AFC       0
                idataBANK3                         1D9A     1D9A       15     3B34       0
                idataBANK1                         1D6E     1D6E        4     3ADC       0

TOTAL           Name                               Link     Load   Length     Space
        CLASS   CODE           
                end_init                             7A       7A        2         0
                cinit                                7C       7C       40         0
                intentry                              4        4       76         0
                reset_vec                             0        0        2         0
                text40                             1D86     1D86        A         0
                text39                             1DDB     1DDB       17         0
                text38                             1E0B     1E0B       1A         0
                text37                             1190     1190       83         0
                text36                             1002     1002        F         0
                text35                             1F68     1F68       30         0
                text34                             1D90     1D90        A         0
                text33                             1DAF     1DAF       16         0
                text32                             1213     1213       A1         0
                text31                             10A3     10A3       71         0
                text30                             1E7A     1E7A       22         0
                text29                             1FCA     1FCA       36         0
                text28                             1F39     1F39       2F         0
                text27                             1DF2     1DF2       19         0
                text26                             1EE3     1EE3       29         0
                text25                              DF8      DF8      208         0
                text24                             1656     1656      1AA         0
                text23                             1E9C     1E9C       23         0
                text22                              534      534      23B         0
                text21                             12B4     12B4       AA         0
                text20                             1518     1518      13E         0
                text19                              801      801       8A         0
                text18                             1E5A     1E5A       20         0
                text17                              C07      C07      1F1         0
                text16                             1048     1048       5B         0
                text15                             1F98     1F98       32         0
                text14                             1E25     1E25       1A         0
                text12                               BC       BC      23D         0
                text11                              88B      88B      1AA         0
                text10                             1EBF     1EBF       24         0
                text9                               2F9      2F9      23B         0
                text8                              1114     1114       7C         0
                text7                              135E     135E       AB         0
                text6                               76F      76F       91         0
                text5                              1F0C     1F0C       2D         0
                text4                              1E3F     1E3F       1B         0
                text3                              1409     1409      10F         0
                text2                              1DC5     1DC5       16         0
                text1                               A35      A35      1D2         0
                maintext                           1011     1011       37         0
                clrtext                            1D72     1D72        6         0
                inittext                           1D78     1D78        6         0
                idataBANK4                         1D7E     1D7E        8         0
                idataBANK3                         1D9A     1D9A       15         0
                idataBANK1                         1D6E     1D6E        4         0

        CLASS   STRCODE        
                stringtext2                        180D     180D        B         0
                stringtext1                        1800     1800        D         0

        CLASS   STRING         

        CLASS   CONST          

        CLASS   ENTRY          

        CLASS   COMMON         
                cstackCOMMON                         70       70        E         1

        CLASS   BANK0          
                cstackBANK0                          20       20       50         1

        CLASS   BANK1          
                cstackBANK1                          A0       A0       27         1
                dataBANK1                            EA       EA        4         1
                bssBANK1                             C7       C7       23         1

        CLASS   BANK2          
                cstackBANK2                         120      120       50         1

        CLASS   BANK3          
                cstackBANK3                         1C1      1C1       19         1
                dataBANK3                           1DA      1DA       15         1
                bssBANK3                            1A0      1A0       21         1

        CLASS   BANK4          
                dataBANK4                           228      228        8         1
                bssBANK4                            220      220        8         1

        CLASS   BANK5          

        CLASS   BANK6          

        CLASS   BANK7          

        CLASS   BANK8          

        CLASS   BANK9          

        CLASS   BANK10         

        CLASS   BANK11         

        CLASS   BANK12         

        CLASS   BIGRAM         

        CLASS   RAM            

        CLASS   ABS1           
                abs_s1                               7E       7E        2         1

        CLASS   SFR0           

        CLASS   SFR1           

        CLASS   SFR2           

        CLASS   SFR3           

        CLASS   SFR4           

        CLASS   SFR5           

        CLASS   SFR6           

        CLASS   SFR7           

        CLASS   SFR8           

        CLASS   SFR9           

        CLASS   SFR10          

        CLASS   SFR11          

        CLASS   SFR12          

        CLASS   SFR13          

        CLASS   SFR14          

        CLASS   SFR15          

        CLASS   SFR16          

        CLASS   SFR17          

        CLASS   SFR18          

        CLASS   SFR19          

        CLASS   SFR20          

        CLASS   SFR21          

        CLASS   SFR22          

        CLASS   SFR23          

        CLASS   SFR24          

        CLASS   SFR25          

        CLASS   SFR26          

        CLASS   SFR27          

        CLASS   SFR28          

        CLASS   SFR29          

        CLASS   SFR30          

        CLASS   SFR31          

        CLASS   CONFIG         
                config                             8007     8007        2         4

        CLASS   IDLOC          
                idloc                              8000     8000        4         5

        CLASS   EEDATA         

        CLASS   BANK31         

        CLASS   BANK30         

        CLASS   BANK29         

        CLASS   BANK28         

        CLASS   BANK27         

        CLASS   BANK26         

        CLASS   BANK25         

        CLASS   BANK24         

        CLASS   BANK23         

        CLASS   BANK22         

        CLASS   BANK21         

        CLASS   BANK20         

        CLASS   BANK19         

        CLASS   BANK18         

        CLASS   BANK17         

        CLASS   BANK16         

        CLASS   BANK15         

        CLASS   BANK14         

        CLASS   BANK13         

        CLASS   HEAP           

        CLASS   STACK          



SEGMENTS        Name                           Load    Length   Top    Selector   Space  Class     Delta

                reset_vec                      000000  000002  000002         0       0  CODE        2
                intentry                       000004  0007FC  000800         8       0  CODE        2
                cstackBANK0                    000020  000050  000070        20       1  BANK0       1
                cstackCOMMON                   000070  00000E  00007E        70       1  COMMON      1
                cstackBANK1                    0000A0  00004E  0000EE        A0       1  BANK1       1
                cstackBANK2                    000120  000050  000170       120       1  BANK2       1
                bssBANK3                       0001A0  00004F  0001EF       1A0       1  BANK3       1
                bssBANK4                       000220  000010  000230       220       1  BANK4       1
                text19                         000801  00008A  00088B      1002       0  CODE        2
                text11                         00088B  0001AA  000A35      1116       0  CODE        2
                text1                          000A35  0001D2  000C07      146A       0  CODE        2
                text17                         000C07  0001F1  000DF8      180E       0  CODE        2
                text25                         000DF8  000208  001000      1BF0       0  CODE        2
                text36                         001002  00000F  001011      2004       0  CODE        2
                maintext                       001011  000037  001048      2022       0  CODE        2
                text16                         001048  00005B  0010A3      2090       0  CODE        2
                text31                         0010A3  000071  001114      2146       0  CODE        2
                text8                          001114  00007C  001190      2228       0  CODE        2
                text37                         001190  000083  001213      2320       0  CODE        2
                text32                         001213  0000A1  0012B4      2426       0  CODE        2
                text21                         0012B4  0000AA  00135E      2568       0  CODE        2
                text7                          00135E  0000AB  001409      26BC       0  CODE        2
                text3                          001409  00010F  001518      2812       0  CODE        2
                text20                         001518  00013E  001656      2A30       0  CODE        2
                text24                         001656  0001AA  001800      2CAC       0  CODE        2
                stringtext1                    001800  000018  001818      3000       0  STRCODE     2
                idataBANK1                     001D6E  000004  001D72      3ADC       0  CODE        2
                clrtext                        001D72  000006  001D78      3AE4       0  CODE        2
                inittext                       001D78  000006  001D7E      3AF0       0  CODE        2
                idataBANK4                     001D7E  000008  001D86      3AFC       0  CODE        2
                text40                         001D86  00000A  001D90      3B0C       0  CODE        2
                text34                         001D90  00000A  001D9A      3B20       0  CODE        2
                idataBANK3                     001D9A  000015  001DAF      3B34       0  CODE        2
                text33                         001DAF  000016  001DC5      3B5E       0  CODE        2
                text2                          001DC5  000016  001DDB      3B8A       0  CODE        2
                text39                         001DDB  000017  001DF2      3BB6       0  CODE        2
                text27                         001DF2  000019  001E0B      3BE4       0  CODE        2
                text38                         001E0B  00001A  001E25      3C16       0  CODE        2
                text14                         001E25  00001A  001E3F      3C4A       0  CODE        2
                text4                          001E3F  00001B  001E5A      3C7E       0  CODE        2
                text18                         001E5A  000020  001E7A      3CB4       0  CODE        2
                text30                         001E7A  000022  001E9C      3CF4       0  CODE        2
                text23                         001E9C  000023  001EBF      3D38       0  CODE        2
                text10                         001EBF  000024  001EE3      3D7E       0  CODE        2
                text26                         001EE3  000029  001F0C      3DC6       0  CODE        2
                text5                          001F0C  00002D  001F39      3E18       0  CODE        2
                text28                         001F39  00002F  001F68      3E72       0  CODE        2
                text35                         001F68  000030  001F98      3ED0       0  CODE        2
                text15                         001F98  000032  001FCA      3F30       0  CODE        2
                text29                         001FCA  000036  002000      3F94       0  CODE        2


UNUSED ADDRESS RANGES

        Name                Unused          Largest block    Delta
        BANK1            000EE-000EF               2           1
        BANK10           00520-0056F              50           1
        BANK11           005A0-005EF              50           1
        BANK12           00620-0064F              30           1
        BANK3            001EF-001EF               1           1
        BANK4            00230-0026F              40           1
        BANK5            002A0-002EF              50           1
        BANK6            00320-0036F              50           1
        BANK7            003A0-003EF              50           1
        BANK8            00420-0046F              50           1
        BANK9            004A0-004EF              50           1
        BIGRAM           02000-023EF             3F0           1
        CODE             00002-00003               2           2
                         00800-00800               1
                         01000-01001               2
                         01818-01D6D             556
        CONST            00002-00003               2           2
                         00800-00800               1
                         01000-01001               2
                         01818-01D6D             100
        EEDATA           0F000-0F0FF             100           2
        ENTRY            00002-00003               2           2
                         00800-00800               1
                         01000-01001               2
                         01818-01D6D             100
        RAM              000EE-000EF               2           1
                         001EF-001EF               1
                         00230-0026F              40
                         002A0-002EF              50
                         00320-0036F              50
                         003A0-003EF              50
                         00420-0046F              50
                         004A0-004EF              50
                         00520-0056F              50
                         005A0-005EF              50
                         00620-0064F              30
        SFR0             00000-0001F              20           1
        SFR1             00080-0009F              20           1
        SFR10            00500-0051F              20           1
        SFR11            00580-0059F              20           1
        SFR12            00600-0061F              20           1
        SFR13            00680-006EF              70           1
        SFR14            00700-0076F              70           1
        SFR15            00780-007EF              70           1
        SFR16            00800-0086F              70           1
        SFR17            00880-008EF              70           1
        SFR18            00900-0096F              70           1
        SFR19            00980-009EF              70           1
        SFR2             00100-0011F              20           1
        SFR20            00A00-00A6F              70           1
        SFR21            00A80-00AEF              70           1
        SFR22            00B00-00B6F              70           1
        SFR23            00B80-00BEF              70           1
        SFR24            00C00-00C6F              70           1
        SFR25            00C80-00CEF              70           1
        SFR26            00D00-00D6F              70           1
        SFR27            00D80-00DEF              70           1
        SFR28            00E00-00E6F              70           1
        SFR29            00E80-00EEF              70           1
        SFR3             00180-0019F              20           1
        SFR30            00F00-00F6F              70           1
        SFR31            00F80-00FEF              70           1
        SFR4             00200-0021F              20           1
        SFR5             00280-0029F              20           1
        SFR6             00300-0031F              20           1
        SFR7             00380-0039F              20           1
        SFR8             00400-0041F              20           1
        SFR9             00480-0049F              20           1
        STRCODE          00002-00003               2           2
                         00800-00800               1
                         01000-01001               2
                         01818-01D6D             556
        STRING           00002-00003               2           2
                         00800-00800               1
                         01000-01001               2
                         01818-01D6D             100

                                  Symbol Table

?__Umul8_16                    cstackBANK2  00120
?___fladd                      cstackBANK2  00162
?___fldiv                      cstackBANK2  00148
?___flmul                      cstackBANK2  0012E
?___flsub                      cstackBANK0  00034
?___fltol                      cstackBANK3  001C9
?___xxtofl                     cstackBANK2  00120
?_abs                          cstackCOMMON 00070
?_read_ADC                     cstackCOMMON 00070
?_strcmp                       cstackCOMMON 00070
?_strlen                       cstackCOMMON 00070
?i1__Umul8_16                  cstackCOMMON 00070
?i1___fladd                    cstackBANK0  00020
?i1___fldiv                    cstackBANK0  00056
?i1___flmul                    cstackBANK0  0003C
?i1___fltol                    cstackBANK1  000A0
?i1___xxtofl                   cstackCOMMON 00070
UART_read_until@data           cstackCOMMON 00073
UART_read_until@index          cstackCOMMON 00074
UART_read_until@received_byte  cstackCOMMON 00072
UART_read_until@terminator     cstackCOMMON 00070
UART_send_byte@byte            cstackCOMMON 00070
UART_send_char@bt              cstackCOMMON 00070
UART_send_some_char@data       cstackCOMMON 00075
UART_send_some_char@length     cstackCOMMON 00077
UART_send_string@st_pt         cstackCOMMON 00071
_ADCON0bits                    (abs)        0009D
_ADCON1bits                    (abs)        0009E
_ADCON2bits                    (abs)        0009F
_ADRESH                        (abs)        0009C
_ADRESL                        (abs)        0009B
_ANSA3                         (abs)        00C63
_ANSA5                         (abs)        00C65
_ANSB0                         (abs)        00C68
_ANSB1                         (abs)        00C69
_ANSB2                         (abs)        00C6A
_ANSB3                         (abs)        00C6B
_ANSB4                         (abs)        00C6C
_ANSB5                         (abs)        00C6D
_BRG16                         (abs)        00CFB
_BRGH                          (abs)        00CF2
_CREN                          (abs)        00CEC
_Cell_OFF                      text5        01F0C
_Cell_ON                       text32       01213
_GIE                           (abs)        0005F
_GO_nDONE                      (abs)        004E9
_ISR                           intentry     00004
_OERR                          (abs)        00CE9
_OSCCONbits                    (abs)        00099
_P1DCST                        (abs)        040D8
_P1OEC                         (abs)        040AA
_P1PHST                        (abs)        040D0
_P1POLC                        (abs)        040B2
_P1PRST                        (abs)        040E0
_P1STRC                        (abs)        04172
_PEIE                          (abs)        0005E
_PSMC1CLK                      (abs)        00814
_PSMC1CON                      (abs)        00811
_PSMC1CONbits                  (abs)        00811
_PSMC1DCH                      (abs)        00824
_PSMC1DCL                      (abs)        00823
_PSMC1MDL                      (abs)        00812
_PSMC1PHH                      (abs)        00822
_PSMC1PHL                      (abs)        00821
_PSMC1PRH                      (abs)        00826
_PSMC1PRL                      (abs)        00825
_RB2                           (abs)        0006A
_RB3                           (abs)        0006B
_RB4                           (abs)        0006C
_RB5                           (abs)        0006D
_RC1REG                        (abs)        00199
_RC1STAbits                    (abs)        0019D
_RC3                           (abs)        00073
_RC4                           (abs)        00074
_RC5                           (abs)        00075
_RCIE                          (abs)        0048D
_RCIF                          (abs)        0008D
_RX9                           (abs)        00CEE
_RXSEL                         (abs)        008E9
_SECF                          dataBANK3    001EE
_SP1BRGH                       (abs)        0019C
_SP1BRGL                       (abs)        0019B
_SPEN                          (abs)        00CEF
_SYNC                          (abs)        00CF4
_T1CKPS0                       (abs)        000C4
_T1CKPS1                       (abs)        000C5
_T1OSCEN                       (abs)        000C3
_TMR1CS0                       (abs)        000C6
_TMR1CS1                       (abs)        000C7
_TMR1GE                        (abs)        000CF
_TMR1H                         (abs)        00017
_TMR1IE                        (abs)        00488
_TMR1IF                        (abs)        00088
_TMR1L                         (abs)        00016
_TMR1ON                        (abs)        000C0
_TRISA3                        (abs)        00463
_TRISA5                        (abs)        00465
_TRISB0                        (abs)        00468
_TRISB1                        (abs)        00469
_TRISB2                        (abs)        0046A
_TRISB3                        (abs)        0046B
_TRISB4                        (abs)        0046C
_TRISB5                        (abs)        0046D
_TRISC2                        (abs)        00472
_TRISC3                        (abs)        00473
_TRISC4                        (abs)        00474
_TRISC5                        (abs)        00475
_TX1REG                        (abs)        0019A
_TX9                           (abs)        00CF6
_TXEN                          (abs)        00CF5
_TXIE                          (abs)        0048C
_TXIF                          (abs)        0008C
_TXSEL                         (abs)        008EA
_UART_get_byte                 text36       01002
_UART_read_until               text35       01F68
_UART_send_byte                text34       01D90
_UART_send_char                text40       01D86
_UART_send_some_char           text33       01DAF
_UART_send_string              text39       01DDB
_WPUA3                         (abs)        01063
_WPUA5                         (abs)        01065
_WPUB0                         (abs)        01068
_WPUB1                         (abs)        01069
_WPUB2                         (abs)        0106A
_WPUB3                         (abs)        0106B
_WPUB4                         (abs)        0106C
_WPUB5                         (abs)        0106D
_WPUC2                         (abs)        01072
_WPUC3                         (abs)        01073
_WPUC4                         (abs)        01074
_WPUC5                         (abs)        01075
_WPUE3                         (abs)        01083
__Habs1                        abs1         00000
__Hbank0                       bank0        00000
__Hbank1                       bank1        00000
__Hbank10                      bank10       00000
__Hbank11                      bank11       00000
__Hbank12                      bank12       00000
__Hbank13                      bank13       00000
__Hbank14                      bank14       00000
__Hbank15                      bank15       00000
__Hbank16                      bank16       00000
__Hbank17                      bank17       00000
__Hbank18                      bank18       00000
__Hbank19                      bank19       00000
__Hbank2                       bank2        00000
__Hbank20                      bank20       00000
__Hbank21                      bank21       00000
__Hbank22                      bank22       00000
__Hbank23                      bank23       00000
__Hbank24                      bank24       00000
__Hbank25                      bank25       00000
__Hbank26                      bank26       00000
__Hbank27                      bank27       00000
__Hbank28                      bank28       00000
__Hbank29                      bank29       00000
__Hbank3                       bank3        00000
__Hbank30                      bank30       00000
__Hbank31                      bank31       00000
__Hbank4                       bank4        00000
__Hbank5                       bank5        00000
__Hbank6                       bank6        00000
__Hbank7                       bank7        00000
__Hbank8                       bank8        00000
__Hbank9                       bank9        00000
__Hbigram                      bigram       00000
__HbssBANK1                    bssBANK1     00000
__HbssBANK3                    bssBANK3     00000
__HbssBANK4                    bssBANK4     00000
__Hcinit                       cinit        000BC
__Hclrtext                     clrtext      00000
__Hcode                        code         00000
__Hcommon                      common       00000
__Hconfig                      config       08009
__HcstackBANK0                 cstackBANK0  00000
__HcstackBANK1                 cstackBANK1  00000
__HcstackBANK2                 cstackBANK2  00000
__HcstackBANK3                 cstackBANK3  00000
__HcstackCOMMON                cstackCOMMON 00000
__HdataBANK1                   dataBANK1    00000
__HdataBANK3                   dataBANK3    00000
__HdataBANK4                   dataBANK4    00000
__Heeprom_data                 eeprom_data  00000
__Hend_init                    end_init     0007C
__Hfunctab                     functab      00000
__Hheap                        heap         00000
__HidataBANK1                  idataBANK1   00000
__HidataBANK3                  idataBANK3   00000
__HidataBANK4                  idataBANK4   00000
__Hidloc                       idloc        08004
__Hinit                        init         0007A
__Hinittext                    inittext     00000
__Hintentry                    intentry     0007A
__Hmaintext                    maintext     00000
__Hpowerup                     powerup      00000
__Hram                         ram          00000
__Hreset_vec                   reset_vec    00002
__Hsfr0                        sfr0         00000
__Hsfr1                        sfr1         00000
__Hsfr10                       sfr10        00000
__Hsfr11                       sfr11        00000
__Hsfr12                       sfr12        00000
__Hsfr13                       sfr13        00000
__Hsfr14                       sfr14        00000
__Hsfr15                       sfr15        00000
__Hsfr16                       sfr16        00000
__Hsfr17                       sfr17        00000
__Hsfr18                       sfr18        00000
__Hsfr19                       sfr19        00000
__Hsfr2                        sfr2         00000
__Hsfr20                       sfr20        00000
__Hsfr21                       sfr21        00000
__Hsfr22                       sfr22        00000
__Hsfr23                       sfr23        00000
__Hsfr24                       sfr24        00000
__Hsfr25                       sfr25        00000
__Hsfr26                       sfr26        00000
__Hsfr27                       sfr27        00000
__Hsfr28                       sfr28        00000
__Hsfr29                       sfr29        00000
__Hsfr3                        sfr3         00000
__Hsfr30                       sfr30        00000
__Hsfr31                       sfr31        00000
__Hsfr4                        sfr4         00000
__Hsfr5                        sfr5         00000
__Hsfr6                        sfr6         00000
__Hsfr7                        sfr7         00000
__Hsfr8                        sfr8         00000
__Hsfr9                        sfr9         00000
__Hspace_0                     (abs)        02000
__Hspace_1                     (abs)        00230
__Hspace_2                     (abs)        00000
__Hspace_3                     (abs)        00000
__Hspace_4                     (abs)        10010
__Hstack                       stack        00000
__Hstrings                     strings      00000
__Hstringtext1                 stringtext1  00000
__Hstringtext2                 stringtext2  00000
__Hstringtext3                 stringtext3  00000
__Htext                        text         00000
__Labs1                        abs1         00000
__Lbank0                       bank0        00000
__Lbank1                       bank1        00000
__Lbank10                      bank10       00000
__Lbank11                      bank11       00000
__Lbank12                      bank12       00000
__Lbank13                      bank13       00000
__Lbank14                      bank14       00000
__Lbank15                      bank15       00000
__Lbank16                      bank16       00000
__Lbank17                      bank17       00000
__Lbank18                      bank18       00000
__Lbank19                      bank19       00000
__Lbank2                       bank2        00000
__Lbank20                      bank20       00000
__Lbank21                      bank21       00000
__Lbank22                      bank22       00000
__Lbank23                      bank23       00000
__Lbank24                      bank24       00000
__Lbank25                      bank25       00000
__Lbank26                      bank26       00000
__Lbank27                      bank27       00000
__Lbank28                      bank28       00000
__Lbank29                      bank29       00000
__Lbank3                       bank3        00000
__Lbank30                      bank30       00000
__Lbank31                      bank31       00000
__Lbank4                       bank4        00000
__Lbank5                       bank5        00000
__Lbank6                       bank6        00000
__Lbank7                       bank7        00000
__Lbank8                       bank8        00000
__Lbank9                       bank9        00000
__Lbigram                      bigram       00000
__LbssBANK1                    bssBANK1     00000
__LbssBANK3                    bssBANK3     00000
__LbssBANK4                    bssBANK4     00000
__Lcinit                       cinit        0007C
__Lclrtext                     clrtext      00000
__Lcode                        code         00000
__Lcommon                      common       00000
__Lconfig                      config       00000
__LcstackBANK0                 cstackBANK0  00000
__LcstackBANK1                 cstackBANK1  00000
__LcstackBANK2                 cstackBANK2  00000
__LcstackBANK3                 cstackBANK3  00000
__LcstackCOMMON                cstackCOMMON 00000
__LdataBANK1                   dataBANK1    00000
__LdataBANK3                   dataBANK3    00000
__LdataBANK4                   dataBANK4    00000
__Leeprom_data                 eeprom_data  00000
__Lend_init                    end_init     0007A
__Lfunctab                     functab      00000
__Lheap                        heap         00000
__LidataBANK1                  idataBANK1   00000
__LidataBANK3                  idataBANK3   00000
__LidataBANK4                  idataBANK4   00000
__Lidloc                       idloc        00000
__Linit                        init         0007A
__Linittext                    inittext     00000
__Lintentry                    intentry     00004
__Lmaintext                    maintext     00000
__Lpowerup                     powerup      00000
__Lram                         ram          00000
__Lreset_vec                   reset_vec    00000
__Lsfr0                        sfr0         00000
__Lsfr1                        sfr1         00000
__Lsfr10                       sfr10        00000
__Lsfr11                       sfr11        00000
__Lsfr12                       sfr12        00000
__Lsfr13                       sfr13        00000
__Lsfr14                       sfr14        00000
__Lsfr15                       sfr15        00000
__Lsfr16                       sfr16        00000
__Lsfr17                       sfr17        00000
__Lsfr18                       sfr18        00000
__Lsfr19                       sfr19        00000
__Lsfr2                        sfr2         00000
__Lsfr20                       sfr20        00000
__Lsfr21                       sfr21        00000
__Lsfr22                       sfr22        00000
__Lsfr23                       sfr23        00000
__Lsfr24                       sfr24        00000
__Lsfr25                       sfr25        00000
__Lsfr26                       sfr26        00000
__Lsfr27                       sfr27        00000
__Lsfr28                       sfr28        00000
__Lsfr29                       sfr29        00000
__Lsfr3                        sfr3         00000
__Lsfr30                       sfr30        00000
__Lsfr31                       sfr31        00000
__Lsfr4                        sfr4         00000
__Lsfr5                        sfr5         00000
__Lsfr6                        sfr6         00000
__Lsfr7                        sfr7         00000
__Lsfr8                        sfr8         00000
__Lsfr9                        sfr9         00000
__Lspace_0                     (abs)        00000
__Lspace_1                     (abs)        00000
__Lspace_2                     (abs)        00000
__Lspace_3                     (abs)        00000
__Lspace_4                     (abs)        00000
__Lstack                       stack        00000
__Lstrings                     strings      00000
__Lstringtext1                 stringtext1  00000
__Lstringtext2                 stringtext2  00000
__Lstringtext3                 stringtext3  00000
__Ltext                        text         00000
__S0                           (abs)        02000
__S1                           (abs)        00230
__S3                           (abs)        00000
__Umul8_16                     text10       01EBF
__Umul8_16@multiplicand        cstackBANK2  00120
__Umul8_16@multiplier          cstackBANK2  00128
__Umul8_16@product             cstackBANK2  00124
__Umul8_16@word_mpld           cstackBANK2  00126
___fladd                       text12       000BC
___fladd@a                     cstackBANK2  00166
___fladd@aexp                  cstackBANK2  0016B
___fladd@b                     cstackBANK2  00162
___fladd@bexp                  cstackBANK2  0016C
___fladd@grs                   cstackBANK2  0016D
___fladd@signs                 cstackBANK2  0016A
___fldiv                       text11       0088B
___fldiv@a                     cstackBANK2  00148
___fldiv@aexp                  cstackBANK2  00161
___fldiv@b                     cstackBANK2  0014C
___fldiv@bexp                  cstackBANK2  00160
___fldiv@grs                   cstackBANK2  0015C
___fldiv@new_exp               cstackBANK2  0015A
___fldiv@rem                   cstackBANK2  00155
___fldiv@sign                  cstackBANK2  00159
___flge                        text19       00801
___flge@ff1                    cstackCOMMON 00070
___flge@ff2                    cstackCOMMON 00074
___flmul                       text9        002F9
___flmul@a                     cstackBANK2  00132
___flmul@aexp                  cstackBANK2  0013C
___flmul@b                     cstackBANK2  0012E
___flmul@bexp                  cstackBANK2  00141
___flmul@grs                   cstackBANK2  0013D
___flmul@prod                  cstackBANK2  00142
___flmul@sign                  cstackBANK2  0013B
___flmul@temp                  cstackBANK2  00146
___flsub                       text18       01E5A
___flsub@a                     cstackBANK0  00034
___flsub@b                     cstackBANK0  00038
___fltol                       text8        01114
___fltol@exp1                  cstackBANK2  0016F
___fltol@f1                    cstackBANK3  001C9
___fltol@sign1                 cstackBANK2  0016E
___heap_hi                     (abs)        00000
___heap_lo                     (abs)        00000
___int_sp                      stack        00000
___latbits                     (abs)        00002
___sp                          stack        00000
___stackhi                     (abs)        00000
___stacklo                     (abs)        00000
___xxtofl                      text7        0135E
___xxtofl@arg                  cstackBANK2  0012A
___xxtofl@exp                  cstackBANK2  00129
___xxtofl@sign                 cstackBANK2  00128
___xxtofl@val                  cstackBANK2  00120
__end_of_Cell_OFF              text5        01F39
__end_of_Cell_ON               text32       012B4
__end_of_ISR                   intentry     0007A
__end_of_UART_get_byte         text36       01011
__end_of_UART_read_until       text35       01F98
__end_of_UART_send_byte        text34       01D9A
__end_of_UART_send_char        text40       01D90
__end_of_UART_send_some_char   text33       01DC5
__end_of_UART_send_string      text39       01DF2
__end_of__Umul8_16             text10       01EE3
__end_of___fladd               text12       002F9
__end_of___fldiv               text11       00A35
__end_of___flge                text19       0088B
__end_of___flmul               text9        00534
__end_of___flsub               text18       01E7A
__end_of___fltol               text8        01190
__end_of___xxtofl              text7        01409
__end_of__initialization       cinit        000B8
__end_of_abs                   text38       01E25
__end_of_calculate_avg         text37       01213
__end_of_cc_cv_mode            text6        00800
__end_of_command_interpreter   text20       01656
__end_of_control_loop          text16       010A3
__end_of_converter_settings    text29       02000
__end_of_initialize            text3        01518
__end_of_interrupt_enable      text2        01DDB
__end_of_main                  maintext     01048
__end_of_pid                   text17       00DF8
__end_of_read_ADC              text15       01FCA
__end_of_scaling               text1        00C07
__end_of_set_DC                text4        01E5A
__end_of_strcmp                text28       01F68
__end_of_strlen                text27       01E0B
__end_of_timing                text14       01E3F
__end_ofi1_Cell_OFF            text26       01F0C
__end_ofi1__Umul8_16           text23       01EBF
__end_ofi1___fladd             text25       01000
__end_ofi1___fldiv             text24       01800
__end_ofi1___flmul             text22       0076F
__end_ofi1___fltol             text31       01114
__end_ofi1___xxtofl            text21       0135E
__end_ofi1_set_DC              text30       01E9C
__initialization               cinit        0007C
__pbssBANK1                    bssBANK1     000C7
__pbssBANK3                    bssBANK3     001A0
__pbssBANK4                    bssBANK4     00220
__pcstackBANK0                 cstackBANK0  00020
__pcstackBANK1                 cstackBANK1  000A0
__pcstackBANK2                 cstackBANK2  00120
__pcstackBANK3                 cstackBANK3  001C1
__pcstackCOMMON                cstackCOMMON 00070
__pdataBANK1                   dataBANK1    000EA
__pdataBANK3                   dataBANK3    001DA
__pdataBANK4                   dataBANK4    00228
__pidataBANK1                  idataBANK1   01D6E
__pidataBANK3                  idataBANK3   01D9A
__pidataBANK4                  idataBANK4   01D7E
__pintentry                    intentry     00004
__pmaintext                    maintext     01011
__pstringtext1                 stringtext1  01800
__pstringtext2                 stringtext2  0180D
__pstringtext3                 stringtext3  00000
__ptext1                       text1        00A35
__ptext10                      text10       01EBF
__ptext11                      text11       0088B
__ptext12                      text12       000BC
__ptext14                      text14       01E25
__ptext15                      text15       01F98
__ptext16                      text16       01048
__ptext17                      text17       00C07
__ptext18                      text18       01E5A
__ptext19                      text19       00801
__ptext2                       text2        01DC5
__ptext20                      text20       01518
__ptext21                      text21       012B4
__ptext22                      text22       00534
__ptext23                      text23       01E9C
__ptext24                      text24       01656
__ptext25                      text25       00DF8
__ptext26                      text26       01EE3
__ptext27                      text27       01DF2
__ptext28                      text28       01F39
__ptext29                      text29       01FCA
__ptext3                       text3        01409
__ptext30                      text30       01E7A
__ptext31                      text31       010A3
__ptext32                      text32       01213
__ptext33                      text33       01DAF
__ptext34                      text34       01D90
__ptext35                      text35       01F68
__ptext36                      text36       01002
__ptext37                      text37       01190
__ptext38                      text38       01E0B
__ptext39                      text39       01DDB
__ptext4                       text4        01E3F
__ptext40                      text40       01D86
__ptext5                       text5        01F0C
__ptext6                       text6        0076F
__ptext7                       text7        0135E
__ptext8                       text8        01114
__ptext9                       text9        002F9
_abs                           text38       01E0B
_calculate_avg                 text37       01190
_cc_cv_mode                    text6        0076F
_cell_count                    dataBANK1    000ED
_cmode                         dataBANK1    000EC
_command_interpreter           text20       01518
_const_cur                     bssBANK1     000D9
_const_vol                     bssBANK1     000DB
_control_loop                  text16       01048
_conv                          bssBANK1     000E7
_converter_settings            text29       01FCA
_count                         dataBANK1    000EA
_er                            bssBANK1     000C7
_i                             bssBANK1     000DD
_i_ref                         bssBANK1     000D5
_iacum                         bssBANK1     000CF
_iavg                          bssBANK3     001BC
_initialize                    text3        01409
_interrupt_enable              text2        01DC5
_kd                            bssBANK3     001A8
_ki                            bssBANK3     001AC
_kp                            bssBANK3     001B0
_log_data                      bssBANK4     00220
_main                          maintext     01011
_nT1SYNC                       (abs)        000C2
_nWPUEN                        (abs)        004AF
_pid                           text17       00C07
_pid$1265                      cstackBANK0  0005E
_pid$1378                      cstackBANK0  00062
_pid$1379                      cstackBANK0  00066
_pidi                          bssBANK1     000CB
_pidt                          bssBANK3     001A0
_qavg                          bssBANK3     001B4
_read_ADC                      text15       01F98
_scaling                       text1        00A35
_scaling$1268                  cstackBANK3  001D5
_scaling$1269                  cstackBANK3  001D1
_second                        bssBANK3     001BA
_set_DC                        text4        01E3F
_strcmp                        text28       01F39
_strlen                        text27       01DF2
_timing                        text14       01E25
_v                             bssBANK1     000DF
_v_ref                         bssBANK3     001A4
_vacum                         bssBANK1     000D2
_vavg                          bssBANK3     001BE
_vmax                          bssBANK1     000D7
abs@a                          cstackCOMMON 00070
btemp                          (abs)        0007E
cc_cv_mode@CC_mode_status      cstackBANK3  001D5
cc_cv_mode@current_voltage     cstackBANK3  001D1
cc_cv_mode@reference_voltage   cstackBANK3  001D3
clear_ram0                     clrtext      01D72
command_interpreter@data       cstackBANK1  000AF
command_interpreter@subcommand cstackBANK1  000C4
command_interpreter@test       cstackBANK1  000C3
end_of_initialization          cinit        000B8
i1_Cell_OFF                    text26       01EE3
i1__Umul8_16                   text23       01E9C
i1__Umul8_16@multiplicand      cstackCOMMON 00070
i1__Umul8_16@multiplier        cstackCOMMON 00078
i1__Umul8_16@product           cstackCOMMON 00074
i1__Umul8_16@word_mpld         cstackCOMMON 00076
i1___fladd                     text25       00DF8
i1___fladd@a                   cstackBANK0  00024
i1___fladd@aexp                cstackBANK0  00031
i1___fladd@b                   cstackBANK0  00020
i1___fladd@bexp                cstackBANK0  00032
i1___fladd@grs                 cstackBANK0  00033
i1___fladd@signs               cstackBANK0  00030
i1___fldiv                     text24       01656
i1___fldiv@a                   cstackBANK0  00056
i1___fldiv@aexp                cstackBANK0  0006F
i1___fldiv@b                   cstackBANK0  0005A
i1___fldiv@bexp                cstackBANK0  0006E
i1___fldiv@grs                 cstackBANK0  0006A
i1___fldiv@new_exp             cstackBANK0  00068
i1___fldiv@rem                 cstackBANK0  00063
i1___fldiv@sign                cstackBANK0  00067
i1___flmul                     text22       00534
i1___flmul@a                   cstackBANK0  00040
i1___flmul@aexp                cstackBANK0  0004E
i1___flmul@b                   cstackBANK0  0003C
i1___flmul@bexp                cstackBANK0  0004F
i1___flmul@grs                 cstackBANK0  0004A
i1___flmul@prod                cstackBANK0  00050
i1___flmul@sign                cstackBANK0  00049
i1___flmul@temp                cstackBANK0  00054
i1___fltol                     text31       010A3
i1___fltol@exp1                cstackBANK1  000A9
i1___fltol@f1                  cstackBANK1  000A0
i1___fltol@sign1               cstackBANK1  000A8
i1___xxtofl                    text21       012B4
i1___xxtofl@arg                cstackCOMMON 0007A
i1___xxtofl@exp                cstackCOMMON 00079
i1___xxtofl@sign               cstackCOMMON 00078
i1___xxtofl@val                cstackCOMMON 00070
i1_set_DC                      text30       01E7A
i1set_DC@dc                    cstackBANK1  000AA
init_ram                       inittext     01D78
int$flags                      (abs)        0007E
intlevel0                      functab      00000
intlevel1                      functab      00000
intlevel2                      functab      00000
intlevel3                      functab      00000
intlevel4                      functab      00000
intlevel5                      functab      00000
pid@feedback                   cstackBANK0  00056
pid@setpoint                   cstackBANK0  0005A
read_ADC@ad_res                cstackCOMMON 00079
read_ADC@channel               cstackCOMMON 00070
reset_vec                      reset_vec    00000
set_DC@dc                      cstackBANK3  001D1
start                          init         0007A
start_initialization           cinit        0007C
strcmp@l                       cstackCOMMON 00073
strcmp@r                       cstackCOMMON 00070
strlen@a                       cstackCOMMON 00073
strlen@s                       cstackCOMMON 00070
wtemp0                         (abs)        0007E


MODULE INFORMATION

Module		Function		Class		Link	Load	Size
C:\Program Files\Microchip\xc8\v2.40\pic\sources\c99\common\sprcmul.c
		___flmul       		CODE           	02F9	0000	571

C:\Program Files\Microchip\xc8\v2.40\pic\sources\c99\common\sprcmul.c estimated size: 571

C:\Program Files\Microchip\xc8\v2.40\pic\sources\c99\common\sprcdiv.c
		___fldiv       		CODE           	088B	0000	426

C:\Program Files\Microchip\xc8\v2.40\pic\sources\c99\common\sprcdiv.c estimated size: 426

charger_discharger.c
		_Cell_ON       		CODE           	1213	0000	161
		_command_interpreter		CODE           	1518	0000	318
		_set_DC        		CODE           	1E3F	0000	27
		_control_loop  		CODE           	1048	0000	91
		_calculate_avg 		CODE           	1190	0000	131
		_UART_get_byte 		CODE           	1002	0000	15
		_converter_settings		CODE           	1FCA	0000	54
		_Cell_OFF      		CODE           	1F0C	0000	45
		_timing        		CODE           	1E25	0000	26
		_interrupt_enable		CODE           	1DC5	0000	22
		_scaling       		CODE           	0A35	0000	466
		_UART_send_string		CODE           	1DDB	0000	23
		_UART_send_some_char		CODE           	1DAF	0000	22
		_read_ADC      		CODE           	1F98	0000	50
		_UART_read_until		CODE           	1F68	0000	48
		_initialize    		CODE           	1409	0000	271
		_UART_send_char		CODE           	1D86	0000	10
		_UART_send_byte		CODE           	1D90	0000	10
		_pid           		CODE           	0C07	0000	497
		_cc_cv_mode    		CODE           	076F	0000	145

charger_discharger.c estimated size: 2432

C:\Program Files\Microchip\xc8\v2.40\pic\sources\c99\common\fltol.c
		___fltol       		CODE           	1114	0000	124

C:\Program Files\Microchip\xc8\v2.40\pic\sources\c99\common\fltol.c estimated size: 124

C:\Program Files\Microchip\xc8\v2.40\pic\sources\c99\common\abs.c
		_abs           		CODE           	1E0B	0000	26

C:\Program Files\Microchip\xc8\v2.40\pic\sources\c99\common\abs.c estimated size: 26

C:\Program Files\Microchip\xc8\v2.40\pic\sources\c99\common\sprcadd.c
		___flsub       		CODE           	1E5A	0000	32
		___fladd       		CODE           	00BC	0000	573

C:\Program Files\Microchip\xc8\v2.40\pic\sources\c99\common\sprcadd.c estimated size: 605

C:\Program Files\Microchip\xc8\v2.40\pic\sources\c99\common\xxtofl.c
		___xxtofl      		CODE           	135E	0000	171

C:\Program Files\Microchip\xc8\v2.40\pic\sources\c99\common\xxtofl.c estimated size: 171

C:\Program Files\Microchip\xc8\v2.40\pic\sources\c99\common\strlen.c
		_strlen        		CODE           	1DF2	0000	25

C:\Program Files\Microchip\xc8\v2.40\pic\sources\c99\common\strlen.c estimated size: 25

shared
		i1_Cell_OFF    		CODE           	1EE3	0000	41
		i1___fladd     		CODE           	0DF8	0000	520
		i1__Umul8_16   		CODE           	1E9C	0000	35
		i1___fldiv     		CODE           	1656	0000	426
		i1___fltol     		CODE           	10A3	0000	113
		__initialization		CODE           	007C	0000	60
		i1___flmul     		CODE           	0534	0000	571
		i1___xxtofl    		CODE           	12B4	0000	170
		i1_set_DC      		CODE           	1E7A	0000	34

shared estimated size: 1970

C:\Program Files\Microchip\xc8\v2.40\pic\sources\c99\common\strcmp.c
		_strcmp        		CODE           	1F39	0000	47

C:\Program Files\Microchip\xc8\v2.40\pic\sources\c99\common\strcmp.c estimated size: 47

C:\Program Files\Microchip\xc8\v2.40\pic\sources\c99\common\flge.c
		___flge        		CODE           	0801	0000	138

C:\Program Files\Microchip\xc8\v2.40\pic\sources\c99\common\flge.c estimated size: 138

C:\Program Files\Microchip\xc8\v2.40\pic\sources\c99\common\Umul8_16.c
		__Umul8_16     		CODE           	1EBF	0000	36

C:\Program Files\Microchip\xc8\v2.40\pic\sources\c99\common\Umul8_16.c estimated size: 36

main.c
		_ISR           		CODE           	0004	0000	118
		_main          		CODE           	1011	0000	55

main.c estimated size: 173

